environment variables:
  DOCKER_API_VERSION
  DOCKER_CERT_PATH
  DOCKER_CONFIG
  DOCKER_HOST
  DOCKER_TLS_VERIFY
  NO_COLOR
  REPO_PASS
  REPO_USER
  WATCHTOWER_CLEANUP
  WATCHTOWER_COMPOSE_PROJECT
  WATCHTOWER_COOLDOWN_DELAY
  WATCHTOWER_COOLDOWN_PLATFORM_ARCH
  WATCHTOWER_COOLDOWN_PLATFORM_OS
  WATCHTOWER_COOLDOWN_PLATFORM_VARIANT
  WATCHTOWER_CPU_COPY_MODE
  WATCHTOWER_DEBUG
  WATCHTOWER_DISABLE_CONTAINERS
  WATCHTOWER_DISABLE_CONTAINERS_BY_LABEL
  WATCHTOWER_DISABLE_MEMORY_SWAPPINESS
  WATCHTOWER_DISK_SPACE_MAX
  WATCHTOWER_DISK_SPACE_WARN
  WATCHTOWER_ENABLE_CHANGELOG
  WATCHTOWER_ENABLE_CONTAINERS_BY_LABEL
  WATCHTOWER_EPHEMERAL_SELF_UPDATE
  WATCHTOWER_GIT_AUTH_TOKEN
  WATCHTOWER_GIT_CA_BUNDLE
  WATCHTOWER_GIT_COMPOSE_STASH
  WATCHTOWER_GIT_CONTEXT
  WATCHTOWER_GIT_DOCKERFILE
  WATCHTOWER_GIT_ENABLE
  WATCHTOWER_GIT_IMAGE
  WATCHTOWER_GIT_INSECURE_SKIP_TLS
  WATCHTOWER_GIT_PASSWORD
  WATCHTOWER_GIT_SSH_KEY_PATH
  WATCHTOWER_GIT_SSH_KNOWN_HOSTS
  WATCHTOWER_GIT_TIMEOUT
  WATCHTOWER_GIT_USERNAME
  WATCHTOWER_HTTP_API_CHECK_TIMEOUT
  WATCHTOWER_HTTP_API_CONTAINERS
  WATCHTOWER_HTTP_API_CORS_ORIGINS
  WATCHTOWER_HTTP_API_ENDPOINTS
  WATCHTOWER_HTTP_API_EVENTS_TOKEN
  WATCHTOWER_HTTP_API_HOST
  WATCHTOWER_HTTP_API_METRICS
  WATCHTOWER_HTTP_API_PERIODIC_POLLS
  WATCHTOWER_HTTP_API_PORT
  WATCHTOWER_HTTP_API_PROXY_HEADER
  WATCHTOWER_HTTP_API_RATE_LIMIT
  WATCHTOWER_HTTP_API_TLS_CERT
  WATCHTOWER_HTTP_API_TLS_KEY
  WATCHTOWER_HTTP_API_TOKEN
  WATCHTOWER_HTTP_API_TRUSTED_PROXIES
  WATCHTOWER_HTTP_API_UPDATE
  WATCHTOWER_HTTP_API_UPDATE_TIMEOUT
  WATCHTOWER_INCLUDE_RESTARTING
  WATCHTOWER_INCLUDE_STOPPED
  WATCHTOWER_LABEL_ENABLE
  WATCHTOWER_LABEL_TAKE_PRECEDENCE
  WATCHTOWER_LIFECYCLE_GID
  WATCHTOWER_LIFECYCLE_HOOKS
  WATCHTOWER_LIFECYCLE_UID
  WATCHTOWER_LOG_FORMAT
  WATCHTOWER_LOG_LEVEL
  WATCHTOWER_MONITOR_IMAGE_NAMES
  WATCHTOWER_MONITOR_ONLY
  WATCHTOWER_NOTIFICATIONS
  WATCHTOWER_NOTIFICATIONS_DELAY
  WATCHTOWER_NOTIFICATIONS_HOSTNAME
  WATCHTOWER_NOTIFICATIONS_LEVEL
  WATCHTOWER_NOTIFICATION_EMAIL_DELAY
  WATCHTOWER_NOTIFICATION_EMAIL_FROM
  WATCHTOWER_NOTIFICATION_EMAIL_SERVER
  WATCHTOWER_NOTIFICATION_EMAIL_SERVER_PASSWORD
  WATCHTOWER_NOTIFICATION_EMAIL_SERVER_PORT
  WATCHTOWER_NOTIFICATION_EMAIL_SERVER_TLS_SKIP_VERIFY
  WATCHTOWER_NOTIFICATION_EMAIL_SERVER_USER
  WATCHTOWER_NOTIFICATION_EMAIL_SUBJECTTAG
  WATCHTOWER_NOTIFICATION_EMAIL_TO
  WATCHTOWER_NOTIFICATION_GOTIFY_TLS_SKIP_VERIFY
  WATCHTOWER_NOTIFICATION_GOTIFY_TOKEN
  WATCHTOWER_NOTIFICATION_GOTIFY_URL
  WATCHTOWER_NOTIFICATION_LOG_STDOUT
  WATCHTOWER_NOTIFICATION_MSTEAMS_HOOK_URL
  WATCHTOWER_NOTIFICATION_REPORT
  WATCHTOWER_NOTIFICATION_SKIP_TITLE
  WATCHTOWER_NOTIFICATION_SLACK_CHANNEL
  WATCHTOWER_NOTIFICATION_SLACK_HOOK_URL
  WATCHTOWER_NOTIFICATION_SLACK_ICON_EMOJI
  WATCHTOWER_NOTIFICATION_SLACK_ICON_URL
  WATCHTOWER_NOTIFICATION_SLACK_IDENTIFIER
  WATCHTOWER_NOTIFICATION_SPLIT_BY_CONTAINER
  WATCHTOWER_NOTIFICATION_TEMPLATE
  WATCHTOWER_NOTIFICATION_TEMPLATE_FILE
  WATCHTOWER_NOTIFICATION_TITLE_TAG
  WATCHTOWER_NOTIFICATION_URL
  WATCHTOWER_NO_PULL
  WATCHTOWER_NO_RESTART
  WATCHTOWER_NO_STARTUP_MESSAGE
  WATCHTOWER_POLL_INTERVAL
  WATCHTOWER_PORCELAIN
  WATCHTOWER_REGISTRY_TLS_MIN_VERSION
  WATCHTOWER_REGISTRY_TLS_SKIP
  WATCHTOWER_REMOVE_VOLUMES
  WATCHTOWER_REVIVE_STOPPED
  WATCHTOWER_ROLLING_RESTART
  WATCHTOWER_RUN_ONCE
  WATCHTOWER_SCHEDULE
  WATCHTOWER_SCOPE
  WATCHTOWER_SKIP_IMAGE_NAMES
  WATCHTOWER_TIMEOUT
  WATCHTOWER_TRACE
  WATCHTOWER_UPDATE_ON_START
  WATCHTOWER_USE_COMPOSE_DEPENDS_ON
  WATCHTOWER_WARN_ON_HEAD_FAILURE
  WT_ORCHESTRATOR_CLEANUP
  WT_ORCHESTRATOR_CONTAINER_CHAIN
  WT_ORCHESTRATOR_NEW_IMAGE
  WT_ORCHESTRATOR_OLD_ID
  WT_ORCHESTRATOR_ORIGINAL_NAME
container labels:
  com.centurylinklabs.watchtower.changelog-url
  com.centurylinklabs.watchtower.compose-dir
  com.centurylinklabs.watchtower.container-chain
  com.centurylinklabs.watchtower.cooldown-delay
  com.centurylinklabs.watchtower.copy-file
  com.centurylinklabs.watchtower.depends-on
  com.centurylinklabs.watchtower.enable
  com.centurylinklabs.watchtower.enable-changelog
  com.centurylinklabs.watchtower.ephemeral-orchestrator
  com.centurylinklabs.watchtower.git-branch
  com.centurylinklabs.watchtower.git-context
  com.centurylinklabs.watchtower.git-dockerfile
  com.centurylinklabs.watchtower.git-host
  com.centurylinklabs.watchtower.git-last-commit
  com.centurylinklabs.watchtower.git-last-tag
  com.centurylinklabs.watchtower.git-ref
  com.centurylinklabs.watchtower.git-repo
  com.centurylinklabs.watchtower.git-semver-policy
  com.centurylinklabs.watchtower.git-watch
  com.centurylinklabs.watchtower.lifecycle.gid
  com.centurylinklabs.watchtower.lifecycle.post-check
  com.centurylinklabs.watchtower.lifecycle.post-update
  com.centurylinklabs.watchtower.lifecycle.post-update-timeout
  com.centurylinklabs.watchtower.lifecycle.pre-check
  com.centurylinklabs.watchtower.lifecycle.pre-update
  com.centurylinklabs.watchtower.lifecycle.pre-update-timeout
  com.centurylinklabs.watchtower.lifecycle.uid
  com.centurylinklabs.watchtower.monitor-only
  com.centurylinklabs.watchtower.no-pull
  com.centurylinklabs.watchtower.scope
  com.centurylinklabs.watchtower.stop-signal
