WATCHTOWER_NOTIFICATION_URL=discord://token@webhookid smtp://mailer:mail-password@smtp.example.com:587/?auth=Plain&clienthost=localhost&encryption=Auto&fromaddress=watchtower%40example.com&fromname=Watchtower&subject=&toaddresses=admin%40example.com&usehtml=No&usestarttls=Yes&timeout=10s slack://hook:T00000000-B00000000-XXXXXXXXXXXXXXXXXXXXXXXX@webhook?botname=watchtower-bot&color=%23406170&icon=%3Awhale%3A teams:?color=%23406170&host=https%3A%2F%2Fexample.webhook.office.com%2Fwebhookb2%2Faaaa%40bbbb%2FIncomingWebhook%2Fcccc%2Fdddd gotify://gotify.example.com/gotify-token?title=
