5 Scanned, 2 Updated, 1 Restarted, 1 Failed, 1 Fresh, 1 Skipped
- updt1 (mock/updt1:latest): 01d110000000 updated to d0a110000000 ref v1.2.0 https://github.com/org/app/releases/tag/v1.2.0
- updt2 (mock/updt2:latest): 01d120000000 updated to d0a120000000
- rstr1 (mock/rstr1:latest): Restarted
- frsh1 (mock/frsh1:latest): Fresh
- skip1 (mock/skip1:latest): Skipped: container is not running
- fail1 (mock/fail1:latest): Failed: pull access denied for org/fail1
